
> edwhere-lms@1.0.0 build
> next build

  Γû▓ Next.js 14.2.20
  - Environments: .env

   Creating an optimized production build ...
node.exe : Failed to 
compile.
At line:1 char:1
+ & "C:\Program 
Files\nodejs/node.exe" 
"C:\Program 
Files\nodejs/node_mo 
...
+ ~~~~~~~~~~~~~~~~~~~~~
~~~~~~~~~~~~~~~~~~~~~~~
~~~~~~~~~~~~~~~~~~~~~~~
~~
    + CategoryInfo     
         : NotSpecifi  
  ed: (Failed to com   
 pile.:String) [],     
RemoteException
    + FullyQualifiedEr 
   rorId : NativeComm  
  andError
 

app\(course)\courses\[c
ourseId]\page.tsx
You cannot have two 
parallel pages that 
resolve to the same 
path. Please check /(co
urse)/courses/[courseId
]/page and /(public)/co
urses/[courseId]/page. 
Refer to the route 
group docs for more 
information: https://ne
xtjs.org/docs/app/build
ing-your-application/ro
uting/route-groups

app\(public)\courses\[c
ourseId]\page.tsx
You cannot have two 
parallel pages that 
resolve to the same 
path. Please check /(co
urse)/courses/[courseId
]/page and /(public)/co
urses/[courseId]/page. 
Refer to the route 
group docs for more 
information: https://ne
xtjs.org/docs/app/build
ing-your-application/ro
uting/route-groups


> Build failed because 
of webpack errors
